[astylers.com/jazy/index.html]
[astylers.com/jazy/images/favicon.png]
[backblue.gif]
[fade.gif]
[index.html]
[astylers.com/jazy/css/materialize.css]
[astylers.com/jazy/css/loaders.css]
[astylers.com/jazy/css/line-awesome.css]
[astylers.com/jazy/css/line-awesome-font-awesome.css]
[astylers.com/jazy/css/owl.carousel.min.css]
[astylers.com/jazy/css/owl.theme.default.min.css]
[astylers.com/jazy/css/style.css]
[astylers.com/jazy/images/blog3.jpg]
[astylers.com/jazy/images/profile.png]
[astylers.com/jazy/product.html]
[astylers.com/jazy/product-list.html]
[astylers.com/jazy/product-details.html]
[astylers.com/jazy/cart.html]
[astylers.com/jazy/categories.html]
[astylers.com/jazy/wishlist.html]
[astylers.com/jazy/checkout.html]
[astylers.com/jazy/profile.html]
[astylers.com/jazy/blog.html]
[astylers.com/jazy/blog-single.html]
[astylers.com/jazy/about.html]
[astylers.com/jazy/contact.html]
[astylers.com/jazy/page-not-found.html]
[astylers.com/jazy/settings.html]
[astylers.com/jazy/sign-up.html]
[astylers.com/jazy/sign-in.html]
[astylers.com/jazy/team.html]
[astylers.com/jazy/images/product1.jpg]
[astylers.com/jazy/images/product2.jpg]
[astylers.com/jazy/images/product3.jpg]
[astylers.com/jazy/images/slider1.jpg]
[astylers.com/jazy/images/slider3.jpg]
[astylers.com/jazy/images/slider2.jpg]
[astylers.com/jazy/see-more-product.html]
[astylers.com/jazy/images/product4.jpg]
[astylers.com/jazy/images/banner.png]
[astylers.com/jazy/images/style1.jpg]
[astylers.com/jazy/images/style3.jpg]
[astylers.com/jazy/images/style2.jpg]
[astylers.com/jazy/images/style4.jpg]
[astylers.com/jazy/images/accessories2.jpg]
[astylers.com/jazy/images/accessories1.jpg]
[astylers.com/jazy/images/accessories3.jpg]
[astylers.com/jazy/images/accessories4.jpg]
[astylers.com/jazy/js/main.js]
[astylers.com/jazy/index.html]
[astylers.com/jazy/js/owl.carousel.min.js]
[astylers.com/jazy/fonts/roboto/Roboto-Thin.woff2]
[astylers.com/jazy/js/jquery.min.js]
[astylers.com/jazy/fonts/roboto/Roboto-Thin.woff]
[astylers.com/jazy/fonts/roboto/Roboto-Light.woff2]
[astylers.com/jazy/js/materialize.js]
[astylers.com/jazy/fonts/roboto/Roboto-Light.woff]
[astylers.com/jazy/fonts/roboto/Roboto-Regular.woff2]
[astylers.com/jazy/fonts/roboto/Roboto-Regular.woff]
[astylers.com/jazy/fonts/roboto/Roboto-Medium.woff2]
[astylers.com/jazy/fonts/roboto/Roboto-Medium.woff]
[astylers.com/jazy/fonts/roboto/Roboto-Bold.woff2]
[astylers.com/jazy/fonts/roboto/Roboto-Bold.woff]
[astylers.com/jazy/css/materialize.css]
[astylers.com/jazy/css/loaders.css]
[astylers.com/jazy/fonts/line-awesomeeb4f.woff2]
[astylers.com/jazy/fonts/line-awesomeeb4f.woff]
[astylers.com/jazy/fonts/line-awesomeeb4f.eot]
[astylers.com/jazy/fonts/line-awesomeeb4f.svg]
[astylers.com/jazy/css/line-awesome.css]
[astylers.com/jazy/css/line-awesome-font-awesome.css]
[astylers.com/jazy/css/owl.video.play.png]
[astylers.com/jazy/css/owl.carousel.min.css]
[astylers.com/jazy/css/owl.theme.default.min.css]
[astylers.com/jazy/fonts/line-awesome0176.eot]
[astylers.com/jazy/images/bg-banner.jpg]
[astylers.com/jazy/css/style.css]
[astylers.com/jazy/images/bg-user.jpg]
[astylers.com/jazy/product.html]
[astylers.com/jazy/product-list.html]
[astylers.com/jazy/images/product-details1.jpg]
[astylers.com/jazy/fonts/line-awesomeeb4f.ttf]
[astylers.com/jazy/images/product-details3.jpg]
[astylers.com/jazy/images/product-details2.jpg]
[astylers.com/jazy/images/comment1.png]
[astylers.com/jazy/images/comment2.png]
[astylers.com/jazy/product-details.html]
[astylers.com/jazy/cart.html]
[astylers.com/jazy/categories.html]
[astylers.com/jazy/wishlist.html]
[astylers.com/jazy/checkout.html]
[astylers.com/jazy/images/testimonial1.png]
[astylers.com/jazy/images/testimonial2.png]
[astylers.com/jazy/images/testimonial3.png]
[astylers.com/jazy/profile.html]
[astylers.com/jazy/images/blog1.jpg]
[astylers.com/jazy/images/blog2.jpg]
[astylers.com/jazy/blog.html]
[astylers.com/jazy/images/blog-single.jpg]
[astylers.com/jazy/blog-single.html]
[astylers.com/jazy/images/about.jpg]
[astylers.com/cdn-cgi/scripts/5c5dd728/cloudflare-static/email-decode.min.js]
[astylers.com/jazy/about.html]
[astylers.com/jazy/contact.html]
[astylers.com/jazy/page-not-found.html]
[astylers.com/jazy/settings.html]
[astylers.com/jazy/sign-up.html]
[astylers.com/jazy/sign-in.html]
[astylers.com/jazy/images/team1.jpg]
[astylers.com/jazy/images/team2.jpg]
[astylers.com/jazy/images/team3.jpg]
[astylers.com/jazy/images/team4.jpg]
[astylers.com/jazy/team.html]
[astylers.com/jazy/see-more-product.html]
[astylers.com/jazy/fonts/roboto/Roboto-Thin.html]
[astylers.com/jazy/fonts/roboto/Roboto-Thin-2.html]
[astylers.com/jazy/fonts/roboto/Roboto-Light.html]
[astylers.com/jazy/fonts/roboto/Roboto-Light-2.html]
[astylers.com/jazy/fonts/roboto/Roboto-Regular.html]
[astylers.com/jazy/fonts/roboto/Roboto-Regular-2.html]
[astylers.com/jazy/fonts/roboto/Roboto-Medium.html]
[astylers.com/jazy/fonts/roboto/Roboto-Medium-2.html]
[astylers.com/jazy/fonts/roboto/Roboto-Bold.html]
[astylers.com/jazy/fonts/roboto/Roboto-Bold-2.html]
[astylers.com/jazy/fonts/line-awesomeeb4f.svg]
[astylers.com/jazy/css/owl.video.play.html]
